// Jest Snapshot v1, https://goo.gl/fbAQLP

exports[`Pruebas en TodoList Show ok 1`] = `
<ul>
  <TodoListItem
    handleDelete={[MockFunction]}
    handleToggle={[MockFunction]}
    index={0}
    key="1"
    todo={
      Object {
        "desc": "Aprender React",
        "done": false,
        "id": 1,
      }
    }
  />
  <TodoListItem
    handleDelete={[MockFunction]}
    handleToggle={[MockFunction]}
    index={1}
    key="2"
    todo={
      Object {
        "desc": "Aprender Python",
        "done": false,
        "id": 2,
      }
    }
  />
</ul>
`;
