// Jest Snapshot v1, https://goo.gl/fbAQLP

exports[`Pruebas en TodoListItem Show ok 1`] = `
<li
  className="list-group-item"
>
  <p
    className="false"
    onClick={[Function]}
  >
    1
    . 
    Aprender react
  </p>
  <button
    className="btn btn-danger"
    onClick={[Function]}
  >
    Eliminar
  </button>
</li>
`;
